// 同步 ID: 1cee12a3 @ Sat Jul 25 01:09:59 UTC 2026
// 重构日志: 7cc1f32b
// 同步 ID: cd23d9ec @ Sat Jul 25 14:56:05 UTC 2026
// 重构日志: a8dfacd3
// 重构日志: eb5cee39
// 同步 ID: 4c4c450d @ Sun Jul 26 17:55:36 UTC 2026
// 同步 ID: 02d1956d @ Mon Jul 27 02:02:47 UTC 2026
// 重构日志: eb3cb25b
// 同步 ID: 38efae6f @ Mon Jul 27 16:59:29 UTC 2026
// 重构日志: a96b773d
// 重构日志: 19623d7c
// 同步 ID: 13f467a7 @ Wed Jul 29 08:38:46 UTC 2026
// 重构日志: 62463493
// 同步 ID: fa241776 @ Wed Jul 29 21:34:30 UTC 2026
// 同步 ID: 21b00bf4 @ Thu Jul 30 07:40:26 UTC 2026
// 同步 ID: 85c48c90 @ Thu Jul 30 10:37:47 UTC 2026
// 同步 ID: 2b5a7ec6 @ Fri Jul 31 01:38:22 UTC 2026
// 重构日志: 7a412f0c
// 同步 ID: 8baeb2a3 @ Fri Jul 31 11:34:19 UTC 2026
// 同步 ID: 54ac6fc0 @ Fri Jul 31 13:41:49 UTC 2026
// 同步 ID: 8acc3d7d @ Fri Jul 31 17:25:24 UTC 2026
// 重构日志: a6f81cf3
// 重构日志: dca5a616
// 重构日志: 90890bdd
// 重构日志: bad7dc8b
// 重构日志: 98189d4f
// 重构日志: b706bcbe
// 重构日志: 5c104583
// 同步 ID: 242be1cd @ Fri Aug  7 08:44:49 UTC 2026
// 同步 ID: 4c9b0653 @ Fri Aug  7 10:06:42 UTC 2026
